1. Управление пользователями:
a) создать нового пользователя;

alex@alex-T590:~$ sudo useradd user1
[sudo] password for alex: 

b) убедиться, что информация о нем появилась в соответствующих файлах в системе;
alex@alex-T590:~$ tail /etc/passwd
geoclue:x:122:127::/var/lib/geoclue:/usr/sbin/nologin
pulse:x:123:128:PulseAudio daemon,,,:/var/run/pulse:/usr/sbin/nologin
gnome-initial-setup:x:124:65534::/run/gnome-initial-setup/:/bin/false
gdm:x:125:130:Gnome Display Manager:/var/lib/gdm3:/bin/false
alex:x:1000:1000:alex,,,:/home/alex:/bin/bash
systemd-coredump:x:999:999:systemd Core Dumper:/:/usr/sbin/nologin
nvidia-persistenced:x:126:133:NVIDIA Persistence Daemon,,,:/nonexistent:/usr/sbin/nologin
zerotier-one:x:998:997::/var/lib/zerotier-one:/bin/sh
mysql:x:127:134:MySQL Server,,,:/nonexistent:/bin/false
user1:x:1001:1001::/home/user1:/bin/sh

c) удалить созданного пользователя;
alex@alex-T590:~$ sudo userdel user1
alex@alex-T590:~$ tail -n5 /etc/passwd
alex:x:1000:1000:alex,,,:/home/alex:/bin/bash
systemd-coredump:x:999:999:systemd Core Dumper:/:/usr/sbin/nologin
nvidia-persistenced:x:126:133:NVIDIA Persistence Daemon,,,:/nonexistent:/usr/sbin/nologin
zerotier-one:x:998:997::/var/lib/zerotier-one:/bin/sh
mysql:x:127:134:MySQL Server,,,:/nonexistent:/bin/false


2. Управление группами:
a) создать группу;
b) попрактиковаться в смене групп у пользователей;
c) добавить пользователя в группу, не меняя основной;

alex@alex-T590:~$ sudo groupadd group1
alex@alex-T590:~$ sudo userdel user1
userdel: user 'user1' does not exist
alex@alex-T590:~$ sudo useradd user1
alex@alex-T590:~$ sudo usermod -aG group1 user1
alex@alex-T590:~$ id user1
uid=1001(user1) gid=1002(user1) groups=1002(user1),1001(group1)
alex@alex-T590:~$ sudo groupadd group2
alex@alex-T590:~$ id user1
uid=1001(user1) gid=1002(user1) groups=1002(user1),1001(group1)
alex@alex-T590:~$ sudo usermod -g group2 user1
alex@alex-T590:~$ id user1
uid=1001(user1) gid=1003(group2) groups=1003(group2),1001(group1)
alex@alex-T590:~$ gpasswd -a user1 group1
gpasswd: Permission denied.
alex@alex-T590:~$ sudo gpasswd -a user1 group1
Adding user user1 to group group1
alex@alex-T590:~$ id user1
uid=1001(user1) gid=1003(group2) groups=1003(group2),1001(group1)
alex@alex-T590:~$ sudo usermod -g user1 user1
alex@alex-T590:~$ id user1
uid=1001(user1) gid=1002(user1) groups=1002(user1),1001(group1)


d) удалить пользователя из группы.
alex@alex-T590:~$ id -nG user1
user1 group1
alex@alex-T590:~$ sudo usermod -G user1 user1
alex@alex-T590:~$ id -nG user1
user1



3. Создать пользователя с правами суперпользователя. Проверить результат.
alex@alex-T590:~$ sudo usermod -aG sudo user1
alex@alex-T590:~$ id -nG user1
user1 sudo
alex@alex-T590:~$ su user1
Password: 
su: Authentication failure
alex@alex-T590:~$ sudo passwd user1
New password: 
Retype new password: 
passwd: password updated successfully
alex@alex-T590:~$ su user1
Password: 
$ 

4. * Используя дополнительные материалы, выдать одному из созданных пользователей право на выполнение ряда команд, требующих прав суперпользователя (команды выбираем на своё усмотрение).

Добавим пользователю user1 права на deluser.

alex@alex-T590:~$ sudo visudo


GNU nano 4.8                    /etc/sudoers.tmp                    Modified  

# Host alias specification

# User alias specification

# Cmnd alias specification

# User privilege specification
root    ALL=(ALL:ALL) ALL

# Members of the admin group may gain root privileges
%admin ALL=(ALL) ALL

# Allow members of group sudo to execute any command
%sudo   ALL=(ALL:ALL) ALL

# See sudoers(5) for more information on "#include" directives:

#includedir /etc/sudoers.d
user1 ALL=/usr/sbin/deluser 
 

